// Jest Snapshot v1, https://goo.gl/fbAQLP

exports[`Component: LoginPage should render LoginPage default 1`] = `
<DocumentFragment>
  <main
    class="login-page"
  >
    <div
      class="container"
    >
      <div
        class="login-widget"
      >
        <input
          class="null"
          placeholder="your@email.com"
          type="email"
          value=""
        />
        <input
          class="null"
          placeholder="password"
          type="password"
          value=""
        />
        <button
          disabled=""
        >
          Войти
        </button>
      </div>
    </div>
  </main>
</DocumentFragment>
`;

exports[`Component: LoginPage should render LoginPage with error message 1`] = `
<DocumentFragment>
  <main
    class="login-page"
  >
    <div
      class="container"
    >
      <main>
        <div
          class="error-message"
          role="alert"
        >
          <p
            class="error-message-p"
            tabindex="0"
          >
            ERROR
          </p>
          <p
            class="error-message-p"
            tabindex="0"
          >
            Test Error String
          </p>
          <a
            class="error-message-a"
            href="/smartcalc/"
          >
            Вернуться на главную
          </a>
        </div>
      </main>
    </div>
  </main>
</DocumentFragment>
`;

exports[`Component: LoginPage should render LoginPage with loading spinner 1`] = `
<DocumentFragment>
  <main
    class="login-page"
  >
    <div
      class="container"
    >
      <svg
        class="spinner"
        height="200"
        preserveAspectRatio="xMidYMid"
        viewBox="0 0 100 100"
        width="200"
      >
        <path
          d="M24.3 30C11.4 30 5 43.3 5 50s6.4 20 19.3 20c19.3 0 32.1-40 51.4-40 C88.6 30 95 43.3 95 50s-6.4 20-19.3 20C56.4 70 43.6 30 24.3 30z"
          fill="none"
          stroke="#cccccc"
          stroke-dasharray="42.76482137044271 42.76482137044271"
          stroke-linecap="round"
          stroke-width="8"
        >
          <animate
            attributeName="stroke-dashoffset"
            dur="1s"
            keyTimes="0;1"
            repeatCount="indefinite"
            values="0;256.58892822265625"
          />
        </path>
      </svg>
    </div>
  </main>
</DocumentFragment>
`;
